// Jest Snapshot v1, https://goo.gl/fbAQLP

exports[`<MoveForwardControl /> SHOULD render 1`] = `
<div>
  <button
    data-testid="move-forward-button"
  >
    Move Forward
  </button>
</div>
`;
