// Jest Snapshot v1, https://goo.gl/fbAQLP

exports[`<RotateRightControl /> SHOULD render 1`] = `
<div>
  <button
    data-testid="rotate-right-button"
  >
    Rotate to the right
  </button>
</div>
`;
