// Jest Snapshot v1, https://goo.gl/fbAQLP

exports[`<App /> should render 1`] = `
<div>
  <button
    data-testid="move-forward-button"
  >
    Move Forward
  </button>
  <button
    data-testid="rotate-right-button"
  >
    Rotate to the right
  </button>
  <div
    class="Grid"
  >
    <div
      class="Column"
    >
      <div
        class="Cell"
      >
        ðŸ‘‰
      </div>
      <div
        class="Cell"
      />
      <div
        class="Cell"
      />
      <div
        class="Cell"
      />
      <div
        class="Cell"
      />
      <div
        class="Cell"
      />
      <div
        class="Cell"
      />
      <div
        class="Cell"
      />
      <div
        class="Cell"
      />
      <div
        class="Cell"
      />
    </div>
    <div
      class="Column"
    >
      <div
        class="Cell"
      />
      <div
        class="Cell"
      />
      <div
        class="Cell"
      />
      <div
        class="Cell"
      />
      <div
        class="Cell"
      />
      <div
        class="Cell"
      />
      <div
        class="Cell"
      />
      <div
        class="Cell"
      />
      <div
        class="Cell"
      />
      <div
        class="Cell"
      />
    </div>
    <div
      class="Column"
    >
      <div
        class="Cell"
      />
      <div
        class="Cell"
      />
      <div
        class="Cell"
      />
      <div
        class="Cell"
      />
      <div
        class="Cell"
      />
      <div
        class="Cell"
      />
      <div
        class="Cell"
      />
      <div
        class="Cell"
      />
      <div
        class="Cell"
      />
      <div
        class="Cell"
      />
    </div>
    <div
      class="Column"
    >
      <div
        class="Cell"
      />
      <div
        class="Cell"
      />
      <div
        class="Cell"
      />
      <div
        class="Cell"
      />
      <div
        class="Cell"
      />
      <div
        class="Cell"
      />
      <div
        class="Cell"
      />
      <div
        class="Cell"
      />
      <div
        class="Cell"
      />
      <div
        class="Cell"
      />
    </div>
    <div
      class="Column"
    >
      <div
        class="Cell"
      />
      <div
        class="Cell"
      />
      <div
        class="Cell"
      />
      <div
        class="Cell"
      />
      <div
        class="Cell"
      />
      <div
        class="Cell"
      />
      <div
        class="Cell"
      />
      <div
        class="Cell"
      />
      <div
        class="Cell"
      />
      <div
        class="Cell"
      />
    </div>
    <div
      class="Column"
    >
      <div
        class="Cell"
      />
      <div
        class="Cell"
      />
      <div
        class="Cell"
      />
      <div
        class="Cell"
      />
      <div
        class="Cell"
      />
      <div
        class="Cell"
      />
      <div
        class="Cell"
      />
      <div
        class="Cell"
      />
      <div
        class="Cell"
      />
      <div
        class="Cell"
      />
    </div>
    <div
      class="Column"
    >
      <div
        class="Cell"
      />
      <div
        class="Cell"
      />
      <div
        class="Cell"
      />
      <div
        class="Cell"
      />
      <div
        class="Cell"
      />
      <div
        class="Cell"
      />
      <div
        class="Cell"
      />
      <div
        class="Cell"
      />
      <div
        class="Cell"
      />
      <div
        class="Cell"
      />
    </div>
    <div
      class="Column"
    >
      <div
        class="Cell"
      />
      <div
        class="Cell"
      />
      <div
        class="Cell"
      />
      <div
        class="Cell"
      />
      <div
        class="Cell"
      />
      <div
        class="Cell"
      />
      <div
        class="Cell"
      />
      <div
        class="Cell"
      />
      <div
        class="Cell"
      />
      <div
        class="Cell"
      />
    </div>
    <div
      class="Column"
    >
      <div
        class="Cell"
      />
      <div
        class="Cell"
      />
      <div
        class="Cell"
      />
      <div
        class="Cell"
      />
      <div
        class="Cell"
      />
      <div
        class="Cell"
      />
      <div
        class="Cell"
      />
      <div
        class="Cell"
      />
      <div
        class="Cell"
      />
      <div
        class="Cell"
      />
    </div>
    <div
      class="Column"
    >
      <div
        class="Cell"
      />
      <div
        class="Cell"
      />
      <div
        class="Cell"
      />
      <div
        class="Cell"
      />
      <div
        class="Cell"
      />
      <div
        class="Cell"
      />
      <div
        class="Cell"
      />
      <div
        class="Cell"
      />
      <div
        class="Cell"
      />
      <div
        class="Cell"
      />
    </div>
  </div>
</div>
`;
